// Jest Snapshot v1, https://goo.gl/fbAQLP

exports[`should render Header component 1`] = `
<div>
  This is from ExpenceDashBoardpage!
  <Connect(ExpenseList) />
</div>
`;
