// Jest Snapshot v1, https://goo.gl/fbAQLP

exports[`should render all the expenses 1`] = `
<div>
  <h2>
    Expense List
  </h2>
  <Connect(ExpenseFilters) />
  <ExpenseListItem
    expense={
      Object {
        "amount": 500,
        "createdAt": 0,
        "description": "parking",
        "id": 1,
        "note": "",
      }
    }
    index={1}
    key="1"
  />
  <ExpenseListItem
    expense={
      Object {
        "amount": 30,
        "createdAt": -259200000,
        "description": "stationery",
        "id": 2,
        "note": "",
      }
    }
    index={2}
    key="2"
  />
  <ExpenseListItem
    expense={
      Object {
        "amount": 4500,
        "createdAt": 172800000,
        "description": "credit card",
        "id": 3,
        "note": "shopping",
      }
    }
    index={3}
    key="3"
  />
  <ExpenseListItem
    expense={
      Object {
        "amount": 100,
        "createdAt": 86400000,
        "description": "travel",
        "id": 4,
        "note": "Goa",
      }
    }
    index={4}
    key="4"
  />
</div>
`;

exports[`should render empty message 1`] = `
<div>
  <h2>
    Expense List
  </h2>
  <Connect(ExpenseFilters) />
  <p>
    Hey, you can add your expenses here!
  </p>
</div>
`;
