// Jest Snapshot v1, https://goo.gl/fbAQLP

exports[`renders one expense item correctly 1`] = `
<div>
  <h3>
    .
    <Link
      to="/edit/3"
    >
      credit card
    </Link>
  </h3>
  <div>
    Amount: 
    $4,500.00
    - Created At: 
    January 3rd, 1970
  </div>
</div>
`;
