// Jest Snapshot v1, https://goo.gl/fbAQLP

exports[`should render Header component 1`] = `
<header>
  <h1>
    Expensify
  </h1>
  <NavLink
    activeClassName="isActive"
    exact={true}
    to="/"
  >
    Go Home
  </NavLink>
  <NavLink
    activeClassName="isActive"
    to="/create"
  >
    Add Expense
  </NavLink>
  <NavLink
    activeClassName="isActive"
    to="/edit"
  >
    Edit Expense
  </NavLink>
  <NavLink
    activeClassName="isActive"
    to="/help"
  >
    Go to Help
  </NavLink>
</header>
`;
