// Jest Snapshot v1, https://goo.gl/fbAQLP

exports[`should render Header component 1`] = `
<div>
  Page Not Found 404!
</div>
`;
